perturb_fish {"ratio": {"(-0.001, 15.0]": {"different_target": 0.77, "same_guide": 4.36, "same_target_other_guide": 1.22}, "(15.0, 30.0]": {"different_target": 1.14, "same_guide": 5.1, "same_target_other_guide": 1.48}, "(30.0, 50.0]": {"different_target": 1.12, "same_guide": 4.64, "same_target_other_guide": 1.39}, "(50.0, 75.0]": {"different_target": 1.12, "same_guide": 4.38, "same_target_other_guide": 1.36}, "(75.0, 100.0]": {"different_target": 1.12, "same_guide": 4.13, "same_target_other_guide": 1.44}}, "clones": 0.1679112438660124, "sig": {"median_cor": 0.7231669204824864, "n_targets": 30, "frac_cor_above_0.3": 1.0}}
perturb_map {"ratio": {"(-0.001, 110.0]": {"different_target": NaN, "same_guide": 6.53, "same_target_other_guide": NaN}, "(110.0, 210.0]": {"different_target": NaN, "same_guide": 6.47, "same_target_other_guide": NaN}, "(210.0, 310.0]": {"different_target": NaN, "same_guide": 6.17, "same_target_other_guide": NaN}, "(310.0, 400.0]": {"different_target": NaN, "same_guide": 5.55, "same_target_other_guide": NaN}}, "clones": 0.98, "sig": {}}
Traceback (most recent call last):
  File "/Users/matin/projects/bioinfo/spatialspill/scripts/clonality_analysis.py", line 195, in <module>
    raise SystemExit(main())
                     ^^^^^^
  File "/Users/matin/projects/bioinfo/spatialspill/scripts/clonality_analysis.py", line 73, in main
    adata = load_dataset(name, **KW.get(name, {}))
            ^^^^^^^^^^^^^^^^^^^^^^^^^^^^^^^^^^^^^^
  File "/Users/matin/projects/bioinfo/spatialspill/src/spatialspill/loaders/registry.py", line 25, in load_dataset
    return load_perturb_multi(**kwargs)
           ^^^^^^^^^^^^^^^^^^^^^^^^^^^^
  File "/Users/matin/projects/bioinfo/spatialspill/src/spatialspill/loaders/perturb_multi.py", line 133, in load_perturb_multi
    X = _read_rows(f["raw"]["X"], rows)
        ^^^^^^^^^^^^^^^^^^^^^^^^^^^^^^^
  File "/Users/matin/projects/bioinfo/spatialspill/src/spatialspill/loaders/perturb_multi.py", line 98, in _read_rows
    blocks.append(sp.csr_matrix(recover_counts(block[sel - start])))
                                ^^^^^^^^^^^^^^^^^^^^^^^^^^^^^^^^^^
  File "/Users/matin/projects/bioinfo/spatialspill/src/spatialspill/loaders/perturb_multi.py", line 83, in recover_counts
    raise ValueError(f"recovered counts deviate from integers by {err:.3g} (> {tol})")
ValueError: recovered counts deviate from integers by 0.5 (> 0.001)
DONE_CLON
