{"scenario": "no_effect", "rep": 0, "seconds": 32.0, "n_cells": 30000, "n_perturbed": 3123, "n_ntc": 1377, "n_misassigned": 0}
{"scenario": "no_effect", "rep": 1, "seconds": 31.2, "n_cells": 30000, "n_perturbed": 3183, "n_ntc": 1317, "n_misassigned": 0}
{"scenario": "spill", "rep": 0, "seconds": 32.4, "n_cells": 30000, "n_perturbed": 3123, "n_ntc": 1377, "n_misassigned": 0}
{"scenario": "spill", "rep": 1, "seconds": 31.1, "n_cells": 30000, "n_perturbed": 3183, "n_ntc": 1317, "n_misassigned": 0}
{"scenario": "spill_clonal", "rep": 0, "seconds": 32.3, "n_cells": 30000, "n_perturbed": 2317, "n_ntc": 877, "n_misassigned": 0}
{"scenario": "spill_clonal", "rep": 1, "seconds": 32.0, "n_cells": 30000, "n_perturbed": 2355, "n_ntc": 873, "n_misassigned": 0}
{"scenario": "everything", "rep": 0, "seconds": 32.5, "n_cells": 30000, "n_perturbed": 2346, "n_ntc": 898, "n_misassigned": 50}
{"scenario": "everything", "rep": 1, "seconds": 32.0, "n_cells": 30000, "n_perturbed": 2396, "n_ntc": 885, "n_misassigned": 53}
        scenario        estimator        kind  ring  null_fpr_q  null_cov95  ntc_cov95  ntc_fpr_p05  power_q  auroc  fdp_q  n_tests
0     everything               E1   spillover     2       0.021       0.926      0.944        0.054    0.079  0.739  0.708    960.0
1     everything          E2_perm  autonomous    -1       0.014       0.944      0.948        0.051    0.782  0.929  0.198   1500.0
2     everything          E2_perm   spillover     1       0.000       1.000      1.000        0.000    0.000  0.731    NaN    120.0
3     everything          E2_perm   spillover     2       0.073       0.855      0.850        0.147    0.374  0.760  0.679   1170.0
4     everything  E2_spatial_perm  autonomous    -1       0.009       0.942      0.945        0.057    0.752  0.913  0.137   1500.0
5     everything  E2_spatial_perm   spillover     1       0.003       0.986      0.992        0.008    0.000  0.787  1.000    120.0
6     everything  E2_spatial_perm   spillover     2       0.065       0.861      0.846        0.151    0.325  0.741  0.683   1170.0
7      no_effect               E1  autonomous    -1       0.001       0.947      0.950        0.053      NaN    NaN  1.000   1500.0
8      no_effect               E1   spillover     1       0.008       0.948        NaN          NaN      NaN    NaN  1.000    750.0
9      no_effect               E1   spillover     2       0.007       0.936      0.924        0.070      NaN    NaN  1.000   1500.0
10     no_effect          E2_perm  autonomous    -1       0.002       0.943      0.948        0.055      NaN    NaN  1.000   1500.0
11     no_effect          E2_perm   spillover     0       0.000       1.000      1.000        0.000      NaN    NaN    NaN     60.0
12     no_effect          E2_perm   spillover     1       0.003       0.978      0.998        0.002      NaN    NaN  1.000    990.0
13     no_effect          E2_perm   spillover     2       0.005       0.943      0.937        0.072      NaN    NaN  1.000   1500.0
14     no_effect  E2_spatial_perm  autonomous    -1       0.003       0.943      0.956        0.044      NaN    NaN  1.000   1500.0
15     no_effect  E2_spatial_perm   spillover     0       0.000       1.000      1.000        0.000      NaN    NaN    NaN     60.0
16     no_effect  E2_spatial_perm   spillover     1       0.004       0.963      1.000        0.000      NaN    NaN  1.000    990.0
17     no_effect  E2_spatial_perm   spillover     2       0.004       0.939      0.931        0.069      NaN    NaN  1.000   1500.0
18         spill               E1  autonomous    -1       0.010       0.940      0.942        0.058    0.813  0.934  0.117   1500.0
19         spill               E1   spillover     1       0.024       0.936        NaN          NaN    0.216  0.734  0.366    750.0
20         spill               E1   spillover     2       0.016       0.937      0.925        0.075    0.180  0.703  0.554   1500.0
21         spill          E2_perm  autonomous    -1       0.009       0.943      0.942        0.061    0.822  0.937  0.100   1500.0
22         spill          E2_perm   spillover     0       0.000       1.000      1.000        0.000      NaN    NaN    NaN     60.0
23         spill          E2_perm   spillover     1       0.005       0.984      0.998        0.002    0.106  0.780  0.194    990.0
24         spill          E2_perm   spillover     2       0.014       0.938      0.929        0.068    0.204  0.724  0.488   1500.0
25         spill  E2_spatial_perm  autonomous    -1       0.008       0.940      0.941        0.060    0.810  0.932  0.089   1500.0
26         spill  E2_spatial_perm   spillover     0       0.000       1.000      1.000        0.000      NaN    NaN    NaN     60.0
27         spill  E2_spatial_perm   spillover     1       0.006       0.977      0.992        0.008    0.108  0.751  0.299    990.0
28         spill  E2_spatial_perm   spillover     2       0.016       0.935      0.928        0.071    0.199  0.720  0.514   1500.0
29  spill_clonal               E1   spillover     2       0.026       0.926      0.948        0.046    0.117  0.727  0.737    930.0
30  spill_clonal          E2_perm  autonomous    -1       0.009       0.950      0.952        0.048    0.790  0.919  0.143   1500.0
31  spill_clonal          E2_perm   spillover     1       0.000       1.000      1.000        0.000    0.000  0.930    NaN    120.0
32  spill_clonal          E2_perm   spillover     2       0.078       0.852      0.858        0.139    0.452  0.752  0.673   1170.0
33  spill_clonal  E2_spatial_perm  autonomous    -1       0.008       0.947      0.949        0.050    0.774  0.916  0.121   1500.0
34  spill_clonal  E2_spatial_perm   spillover     1       0.028       0.972      1.000        0.000    0.000  0.937  1.000    120.0
35  spill_clonal  E2_spatial_perm   spillover     2       0.061       0.863      0.856        0.146    0.404  0.734  0.659   1170.0
results in results/b4c9dbe669
DONE_BENCH
