clonal 0.4 0 10
clonal 0.4 1 20
clonal 0.7 0 30
clonal 0.7 1 40
clonal 1.0 0 50
clonal 1.0 1 60
misassign 0.4 0 70
misassign 0.4 1 80
misassign 0.7 0 90
misassign 0.7 1 100
misassign 1.0 0 110
misassign 1.0 1 120
clonal_misassign 0.4 0 130
clonal_misassign 0.4 1 140
clonal_misassign 0.7 0 150
clonal_misassign 0.7 1 160
clonal_misassign 1.0 0 170
clonal_misassign 1.0 1 180
                               pi  r_unc_spill  r_cor_spill  r_unc_auto  r_cor_auto  sign_unc  sign_cor
scenario         detection
clonal           0.4        0.325        0.592        0.866       0.659      -0.038     0.861     0.947
                 0.7        0.191        0.775        0.887       0.437      -0.044     0.925     0.951
                 1.0        0.026        0.903        0.898       0.007      -0.062     0.956     0.956
clonal_misassign 0.4        0.330        0.590        0.864       0.662      -0.045     0.865     0.944
                 0.7        0.196        0.772        0.886       0.441      -0.052     0.925     0.951
                 1.0        0.028        0.904        0.898       0.007      -0.066     0.950     0.943
misassign        0.4        0.063        0.869        0.872       0.110      -0.096     0.918     0.919
                 0.7        0.054        0.908        0.906       0.073      -0.089     0.925     0.908
                 1.0        0.040        0.929        0.925       0.031      -0.073     0.927     0.919
results in results/7ad0de187b
DONE
