[perturb_fish] 187215 units x 500 features
{
  "fdr": 0.1,
  "n_tests": 56000,
  "n_ntc_tests": 6500,
  "n_target_tests": 49500,
  "ntc_fraction_q_below_fdr": 0.10815384615384616,
  "ntc_fraction_p_below_0.05": 0.14692307692307693,
  "target_fraction_q_below_fdr": 0.2281010101010101,
  "n_autonomous_hits": 4202,
  "ntc_p05_autonomous": 0.1625,
  "ntc_q_autonomous": 0.109,
  "expected_false_autonomous": 1798.5,
  "ntc_fdp_autonomous": 0.4280104712041885,
  "n_spillover_hits": 7089,
  "ntc_p05_spillover": 0.14,
  "ntc_q_spillover": 0.10777777777777778,
  "expected_false_spillover": 3556.6666666666665,
  "ntc_fdp_spillover": 0.5017162740395918,
  "ntc_p05_ring-1": 0.1625,
  "ntc_p05_ring0": 0.134,
  "ntc_p05_ring1": 0.08866666666666667,
  "ntc_p05_ring2": 0.19733333333333333,
  "all_groups": {
    "n_tests": 115110,
    "n_ntc_tests": 15471,
    "n_target_tests": 99639,
    "ntc_fraction_q_below_fdr": 0.09449938594790253,
    "ntc_fraction_p_below_0.05": 0.13140714885915583,
    "target_fraction_q_below_fdr": 0.23156595309065728,
    "n_autonomous_hits": 8644,
    "ntc_p05_autonomous": 0.13658825854912038,
    "ntc_q_autonomous": 0.08835738288199249,
    "expected_false_autonomous": 2982.5034591816566,
    "ntc_fdp_autonomous": 0.34503742008117266,
    "n_spillover_hits": 14429,
    "ntc_p05_spillover": 0.1288897426046869,
    "ntc_q_spillover": 0.09748367268536304,
    "expected_false_spillover": 6422.614291202458,
    "ntc_fdp_spillover": 0.4451184622082236,
    "ntc_p05_ring-1": 0.13658825854912038,
    "ntc_p05_ring0": 0.13466666666666666,
    "ntc_p05_ring1": 0.08320906650760512,
    "ntc_p05_ring2": 0.16235525991623553
  },
  "dataset": "perturb_fish",
  "targets": 39
}
results in results/b78f984897
