[perturb_fish] 187215 units x 500 features
{
  "fdr": 0.1,
  "n_tests": 51000,
  "n_ntc_tests": 6500,
  "n_target_tests": 44500,
  "ntc_fraction_q_below_fdr": 0.03523076923076923,
  "ntc_fraction_p_below_0.05": 0.09738461538461539,
  "target_fraction_q_below_fdr": 0.07229213483146067,
  "n_autonomous_hits": 968,
  "ntc_p05_autonomous": 0.078,
  "ntc_q_autonomous": 0.0185,
  "expected_false_autonomous": 305.25,
  "ntc_fdp_autonomous": 0.3153409090909091,
  "n_spillover_hits": 2249,
  "ntc_p05_spillover": 0.106,
  "ntc_q_spillover": 0.042666666666666665,
  "expected_false_spillover": 1194.6666666666665,
  "ntc_fdp_spillover": 0.5311990514302652,
  "ntc_p05_ring-1": 0.078,
  "ntc_p05_ring0": 0.17133333333333334,
  "ntc_p05_ring1": 0.07933333333333334,
  "ntc_p05_ring2": 0.06733333333333333,
  "all_groups": {
    "n_tests": 104167,
    "n_ntc_tests": 14412,
    "n_target_tests": 89755,
    "ntc_fraction_q_below_fdr": 0.12975298362475715,
    "ntc_fraction_p_below_0.05": 0.18595614765473217,
    "target_fraction_q_below_fdr": 0.0816667595120049,
    "n_autonomous_hits": 2728,
    "ntc_p05_autonomous": 0.27080450681952956,
    "ntc_q_autonomous": 0.22435263886143506,
    "expected_false_autonomous": 7573.023324767741,
    "ntc_fdp_autonomous": 1.0,
    "n_spillover_hits": 4602,
    "ntc_p05_spillover": 0.1400620121886026,
    "ntc_q_spillover": 0.0785844114187961,
    "expected_false_spillover": 4400.727039452581,
    "ntc_fdp_spillover": 0.9562640242182924,
    "ntc_p05_ring-1": 0.27080450681952956,
    "ntc_p05_ring0": 0.17033333333333334,
    "ntc_p05_ring1": 0.07866666666666666,
    "ntc_p05_ring2": 0.16790933492394872
  },
  "dataset": "perturb_fish",
  "targets": 39
}
results in results/246b4deb3e
