[spatial_perturbseq] 123921 units x 28443 features
{
  "fdr": 0.1,
  "n_tests": 140000,
  "n_ntc_tests": 8000,
  "n_target_tests": 132000,
  "ntc_fraction_q_below_fdr": 0.027,
  "ntc_fraction_p_below_0.05": 0.082375,
  "target_fraction_q_below_fdr": 0.025143939393939396,
  "n_autonomous_hits": 305,
  "ntc_p05_autonomous": 0.0675,
  "ntc_q_autonomous": 0.0095,
  "expected_false_autonomous": 323.0,
  "ntc_fdp_autonomous": 1.0,
  "n_spillover_hits": 3014,
  "ntc_p05_spillover": 0.08733333333333333,
  "ntc_q_spillover": 0.03283333333333333,
  "expected_false_spillover": 3217.6666666666665,
  "ntc_fdp_spillover": 1.0,
  "ntc_p05_ring-1": 0.0675,
  "ntc_p05_ring0": 0.1485,
  "ntc_p05_ring1": 0.054,
  "ntc_p05_ring2": 0.0595,
  "all_groups": {
    "n_tests": 280000,
    "n_ntc_tests": 16000,
    "n_target_tests": 264000,
    "ntc_fraction_q_below_fdr": 0.027,
    "ntc_fraction_p_below_0.05": 0.082375,
    "target_fraction_q_below_fdr": 0.025143939393939396,
    "n_autonomous_hits": 610,
    "ntc_p05_autonomous": 0.0675,
    "ntc_q_autonomous": 0.0095,
    "expected_false_autonomous": 646.0,
    "ntc_fdp_autonomous": 1.0,
    "n_spillover_hits": 6028,
    "ntc_p05_spillover": 0.08733333333333333,
    "ntc_q_spillover": 0.03283333333333333,
    "expected_false_spillover": 6435.333333333333,
    "ntc_fdp_spillover": 1.0,
    "ntc_p05_ring-1": 0.0675,
    "ntc_p05_ring0": 0.1485,
    "ntc_p05_ring1": 0.054,
    "ntc_p05_ring2": 0.0595
  },
  "dataset": "spatial_perturbseq",
  "targets": 18
}
results in results/df5156edac
