1/27 fa=0.05 fn=0.1 sd=0.5 ntc_rec=6 83s
2/27 fa=0.05 fn=0.1 sd=1.0 ntc_rec=3 80s
3/27 fa=0.05 fn=0.1 sd=2.0 ntc_rec=5 72s
4/27 fa=0.05 fn=0.3 sd=0.5 ntc_rec=8 76s
5/27 fa=0.05 fn=0.3 sd=1.0 ntc_rec=10 85s
6/27 fa=0.05 fn=0.3 sd=2.0 ntc_rec=9 85s
7/27 fa=0.05 fn=0.6 sd=0.5 ntc_rec=11 98s
8/27 fa=0.05 fn=0.6 sd=1.0 ntc_rec=10 99s
9/27 fa=0.05 fn=0.6 sd=2.0 ntc_rec=11 89s
10/27 fa=0.15 fn=0.1 sd=0.5 ntc_rec=35 70s
11/27 fa=0.15 fn=0.1 sd=1.0 ntc_rec=30 70s
12/27 fa=0.15 fn=0.1 sd=2.0 ntc_rec=32 69s
13/27 fa=0.15 fn=0.3 sd=0.5 ntc_rec=83 82s
14/27 fa=0.15 fn=0.3 sd=1.0 ntc_rec=72 73s
15/27 fa=0.15 fn=0.3 sd=2.0 ntc_rec=79 73s
16/27 fa=0.15 fn=0.6 sd=0.5 ntc_rec=94 102s
17/27 fa=0.15 fn=0.6 sd=1.0 ntc_rec=94 103s
18/27 fa=0.15 fn=0.6 sd=2.0 ntc_rec=91 154s
19/27 fa=0.3 fn=0.1 sd=0.5 ntc_rec=134 119s
20/27 fa=0.3 fn=0.1 sd=1.0 ntc_rec=125 125s
21/27 fa=0.3 fn=0.1 sd=2.0 ntc_rec=140 135s
22/27 fa=0.3 fn=0.3 sd=0.5 ntc_rec=304 158s
23/27 fa=0.3 fn=0.3 sd=1.0 ntc_rec=313 152s
24/27 fa=0.3 fn=0.3 sd=2.0 ntc_rec=313 237s
25/27 fa=0.3 fn=0.6 sd=0.5 ntc_rec=360 116s
26/27 fa=0.3 fn=0.6 sd=1.0 ntc_rec=343 113s
27/27 fa=0.3 fn=0.6 sd=2.0 ntc_rec=347 115s
          estimator  spill_lfc_sd  frac_assigned  frac_ntc  ntc_recipients  power  ntc_fpr    fdp
0   E2_spatial_perm           0.5           0.05       0.1             6.0  0.000      NaN    NaN
1   E2_spatial_perm           0.5           0.05       0.3             8.0  0.000      NaN  1.000
2   E2_spatial_perm           0.5           0.05       0.6            11.0  0.000    0.034  1.000
3   E2_spatial_perm           0.5           0.15       0.1            35.0  0.007      NaN  0.600
4   E2_spatial_perm           0.5           0.15       0.3            83.0  0.009    0.039  0.750
5   E2_spatial_perm           0.5           0.15       0.6            94.0  0.026    0.065  0.851
6   E2_spatial_perm           0.5           0.30       0.1           134.0  0.000    0.000  1.000
7   E2_spatial_perm           0.5           0.30       0.3           304.0  0.051    0.049  0.606
8   E2_spatial_perm           0.5           0.30       0.6           360.0  0.062    0.057  0.531
9   E2_spatial_perm           1.0           0.05       0.1             3.0  0.000      NaN    NaN
10  E2_spatial_perm           1.0           0.05       0.3            10.0  0.000      NaN  1.000
11  E2_spatial_perm           1.0           0.05       0.6            10.0  0.000    0.042  1.000
12  E2_spatial_perm           1.0           0.15       0.1            30.0  0.015      NaN  0.800
13  E2_spatial_perm           1.0           0.15       0.3            72.0  0.083    0.035  0.517
14  E2_spatial_perm           1.0           0.15       0.6            94.0  0.084    0.058  0.449
15  E2_spatial_perm           1.0           0.30       0.1           125.0  0.018      NaN  0.333
16  E2_spatial_perm           1.0           0.30       0.3           313.0  0.072    0.041  0.550
17  E2_spatial_perm           1.0           0.30       0.6           343.0  0.316    0.051  0.164
18  E2_spatial_perm           2.0           0.05       0.1             5.0  0.000      NaN    NaN
19  E2_spatial_perm           2.0           0.05       0.3             9.0  0.057      NaN  0.000
20  E2_spatial_perm           2.0           0.05       0.6            11.0  0.034    0.034  0.667
21  E2_spatial_perm           2.0           0.15       0.1            32.0  0.076      NaN  0.333
22  E2_spatial_perm           2.0           0.15       0.3            79.0  0.208    0.045  0.367
23  E2_spatial_perm           2.0           0.15       0.6            91.0  0.367    0.042  0.108
24  E2_spatial_perm           2.0           0.30       0.1           140.0  0.093      NaN  0.000
25  E2_spatial_perm           2.0           0.30       0.3           313.0  0.322    0.045  0.310
26  E2_spatial_perm           2.0           0.30       0.6           347.0  0.542    0.058  0.117
results in results/cf961ebbd1
DONE
